
[01:27:27] [INFO] ======================================================================
[01:27:27] [INFO] STEP 38: SN Encore Blind-Prediction Residual Test
[01:27:27] [INFO] ======================================================================
[01:27:27] [INFO] Observed Delta_t(1b,1a) = -39.8 (+3.9/-3.3) d (Pierel et al. 2026 (ApJ, arXiv:2509.12301). Table 5 final systematic-corrected delay.)
[01:27:27] [INFO] Loaded 8 blind models (8 total) from Suyu+2025 Table E.1
[01:27:27] [INFO] Loaded alpha from Step 07: -0.1180 +/- 0.0287
[01:27:27] [INFO] TEP proxy predicted residual: -1.040 d (alpha=-0.11801455702619729, log10(mu_ratio)=-0.172, dt_mean=-51.2 d)
[01:27:27] [INFO] Sensitivity: 8.815 d per unit alpha (small because magnification contrast is modest)
[01:27:27] [INFO] 
Per-model observed - predicted residuals:
[01:27:27] [INFO] Model             Pred    Delta  sigma_m  sigma_tot       z
[01:27:27] [INFO] glafic           -32.4      -7.4       2.4         4.3    -1.72
[01:27:27] [INFO] GLEE             -37.1      -2.7       2.7         4.5    -0.60
[01:27:27] [INFO] GLEE-baseline    -36.9      -2.9       2.8         4.6    -0.64
[01:27:27] [INFO] Lenstool I       -75.0     +35.2      54.5        54.6    +0.64
[01:27:27] [INFO] Lenstool II      -35.6      -4.2       3.7         5.2    -0.81
[01:27:27] [INFO] MrMARTIAN        -40.6      +0.8       6.4         7.3    +0.11
[01:27:27] [INFO] WSLAP+          -112.0     +72.2      32.0        32.2    +2.24
[01:27:27] [INFO] Zitrin-analytic   -40.2      +0.4       9.3        10.0    +0.04
[01:27:27] [INFO] 
Weighted mean residual R_obs = -3.33 +/- 2.13 d  (z = -1.56)
[01:27:27] [INFO] Unweighted mean: +11.43 d, std = 26.21 d
[01:27:27] [INFO] Positive residuals: 4/8, negative: 4/8
[01:27:27] [INFO] 
TEP consistency test:
[01:27:27] [INFO]   R_obs (weighted)  = -3.33 +/- 2.13 d
[01:27:27] [INFO]   R_TEP_pred        = -1.040 d
[01:27:27] [INFO]   Tension           = -1.07 sigma
[01:27:27] [INFO]   Inferred kappa    = -0.3777 (if R_obs attributed entirely to TEP; highly uncertain)
[01:27:27] [INFO] 
GR null test:
[01:27:27] [INFO]   R_obs = -3.33 +/- 2.13 d
[01:27:27] [INFO]   Tension with GR (R=0): -1.56 sigma
[01:27:27] [INFO] 
Binomial sign test (all 8 models):
[01:27:27] [INFO]   Positive residuals: 4/8
[01:27:27] [INFO]   One-sided p (H0: p=0.5): p = 0.6367
[01:27:27] [INFO]   Equivalent z: z = +0.00
[01:27:27] [INFO] 
Wilcoxon signed-rank (all 8, two-sided): p = 1.000000
[01:27:27] [INFO] 
Chi-squared model comparison (8 models):
[01:27:27] [INFO]   chi^2 under GR  (R=0):            9.850  (p=0.276)
[01:27:27] [INFO]   chi^2 under TEP (R=-1.04 d):  8.565  (p=0.380)
[01:27:27] [INFO]   Delta chi^2 = +1.285
[01:27:27] [INFO]   NOTE: Both are fixed predictions (0 free params); delta_chi2 has no formal p-value.
[01:27:27] [INFO] 
Results saved to /Users/matthewsmawfield/Library/CloudStorage/Dropbox/www/Temporal Equivalence Principle/TEP-LENS/results/outputs/step_38_sn_encore_residuals.json
[01:27:27] [INFO] Step 38 complete.
