
[01:27:26] [INFO] ======================================================================
[01:27:26] [INFO] STEP 37: Multi-System Evidence Accumulation Projection
[01:27:26] [INFO] ======================================================================
[01:27:26] [INFO] Template system (SN Refsdal SX):
[01:27:26] [INFO]   kappa_inferred = -0.1137 +/- 0.0336
[01:27:26] [INFO]   R_tep = 14.538 d
[01:27:26] [INFO]   Exact family-sign-flip test blind: z = 1.86, p = 0.0312
[01:27:26] [INFO] 
Stouffer projection (identical Refsdal-precision systems):
[01:27:26] [INFO]   3-sigma evidence:  N = 3 systems
[01:27:26] [INFO]   5-sigma discovery: N = 8 systems
[01:27:26] [INFO] 
Alpha-inference projection (identical systems):
[01:27:26] [INFO]   Combined sigma_kappa = 0.0336 / sqrt(N)
[01:27:26] [INFO]   3-sigma exclusion of alpha=0: N = 1
[01:27:26] [INFO]   5-sigma exclusion of alpha=0: N = 3
[01:27:26] [INFO] 
Prospective thresholds:
[01:27:26] [INFO]   These thresholds assume each new system provides an independent blind-prediction residual test with precision equivalent to SN Refsdal (blind model uncertainty sigma_model ~ 16-60 d, 6 blind models, R_tep ~ 14.5 d). Degraded precision in new systems increases the required N proportionally. These thresholds are designated prospectively for future systems and should not be adjusted post-measurement.
[01:27:26] [INFO] 
Results saved to /Users/matthewsmawfield/Library/CloudStorage/Dropbox/www/Temporal Equivalence Principle/TEP-LENS/results/outputs/step_37_multi_system_evidence.json
[01:27:26] [INFO] Figure saved to /Users/matthewsmawfield/Library/CloudStorage/Dropbox/www/Temporal Equivalence Principle/TEP-LENS/results/figures/step_37_multi_system_evidence.png
[01:27:26] [INFO] Step 37 complete.
