
[01:27:25] [INFO] ======================================================================
[01:27:25] [INFO] STEP 36: Forward-Prediction Falsification Thresholds — SN 2025wny
[01:27:25] [INFO] ======================================================================
[01:27:25] [INFO] Loaded alpha from Step 07: -0.1180 +/- 0.0336 (headline propagated uncertainty; bootstrap model-resampling std=0.0287)
[01:27:25] [INFO] Predicted residual magnitude distribution (N=100000):
[01:27:25] [INFO]   16th percentile: 6.09 d
[01:27:25] [INFO]   50th percentile: 11.53 d
[01:27:25] [INFO]   84th percentile: 19.05 d
[01:27:25] [INFO]   95th percentile: 25.28 d
[01:27:25] [INFO]   99th percentile: 33.06 d
[01:27:25] [INFO]   P(R > 1 d): 99.50%
[01:27:25] [INFO]   P(R > 5 d): 89.25%
[01:27:25] [INFO] 
Required delay precision (longest baseline):
[01:27:25] [INFO]   For 3-sigma test (median signal): sigma_dt < 3.84 d
[01:27:25] [INFO]   For 5-sigma test (median signal): sigma_dt < 2.31 d
[01:27:25] [INFO]   For 3-sigma test (conservative, 16th pct): sigma_dt < 2.03 d
[01:27:25] [INFO]   For 5-sigma test (conservative, 16th pct): sigma_dt < 1.22 d
[01:27:25] [INFO] 
Prospective falsification condition (sigma_dt = 2.0 d):
[01:27:25] [INFO]   If |R_obs| < 4.0 d, the proxy model is excluded at 95% CL.
[01:27:25] [INFO]   This threshold excludes 7.0% of the prior prediction envelope.
[01:27:25] [INFO] 
Results saved to /Users/matthewsmawfield/Library/CloudStorage/Dropbox/www/Temporal Equivalence Principle/TEP-LENS/results/outputs/step_36_falsification_forward_prediction.json
[01:27:25] [INFO] Step 36 complete.
