
[01:27:26] [INFO] ======================================================================
[01:27:26] [INFO] STEP 38b: CosmoGRAIL Cross-System Directional Consistency Check
[01:27:26] [INFO] ======================================================================
[01:27:26] [INFO] 
Processed 10 CosmoGRAIL systems
[01:27:26] [INFO]   Total valid pairs: 36
[01:27:26] [INFO]   Agree with TEP: 26
[01:27:26] [INFO]   Disagree with TEP: 10
[01:27:26] [INFO]   Skipped: 8
[01:27:26] [INFO] 
Cross-system directional agreement (all pairs):
[01:27:26] [INFO]   26/36 pairs show brighter image arriving earlier
[01:27:26] [INFO]   Agreement fraction: 72.2%
[01:27:26] [INFO]   Approximate binomial (p=0.5 null): p = 0.0057, z = +2.67
[01:27:26] [INFO]   [CAVEAT] p=0.5 is approximate; lens geometry can bias the true null.
[01:27:26] [INFO] 
Stouffer combination (10 systems):
[01:27:26] [INFO]   z = +2.31, p = 0.0105
[01:27:26] [INFO] 
Mean Kendall tau (delay vs magnification, reference-dependent):
[01:27:26] [INFO]   tau = +0.429
[01:27:26] [INFO]   [NOTE] Tau sign depends on choice of reference image.
[01:27:26] [INFO]   [NOTE] Lens geometry dominates; no valid null hypothesis without lens models.
[01:27:26] [INFO] 
Results saved to /Users/matthewsmawfield/Library/CloudStorage/Dropbox/www/Temporal Equivalence Principle/TEP-LENS/results/outputs/step_38b_cosmograil_cross_system.json
[01:27:26] [INFO] Figure saved to /Users/matthewsmawfield/Library/CloudStorage/Dropbox/www/Temporal Equivalence Principle/TEP-LENS/results/figures/step_38b_cross_system.png
[01:27:26] [INFO] Step 38b complete.
