[01:23:26] [PROCESS] Checking COSMOGRAIL data availability...
[01:23:26] [SUCCESS] ✓ All required COSMOGRAIL data present (8 RDB files)
[01:23:26] [PROCESS] Found 8 RDB + 13 multi-band CSV light curve files
[01:23:26] [PROCESS] Processing DESJ0408_Courbin2017.rdb
[01:23:26] [PROCESS]   System DESJ0408: 3 images, [('A', 'B'), ('A', 'D'), ('B', 'D')] pairs
[01:23:26] [PROCESS]   Analyzing pair A-B
[01:23:26] [PROCESS]   Analyzing pair A-D
[01:23:26] [PROCESS]   Analyzing pair B-D
[01:23:26] [PROCESS]   Running 100 bootstrap iterations...
  Running 100 bootstrap iterations using 15 cores...
[01:23:27] [PROCESS] Processing HE0435_Bonvin2016.rdb
[01:23:27] [PROCESS]   System HE0435: 4 images, [('A', 'B'), ('A', 'C'), ('A', 'D'), ('B', 'C'), ('B', 'D'), ('C', 'D')] pairs
[01:23:27] [PROCESS]   Analyzing pair A-B
[01:23:27] [PROCESS]   Analyzing pair A-C
[01:23:28] [PROCESS]   Analyzing pair A-D
[01:23:28] [PROCESS]   Analyzing pair B-C
[01:23:28] [PROCESS]   Analyzing pair B-D
[01:23:28] [PROCESS]   Analyzing pair C-D
[01:23:28] [PROCESS]   Running 100 bootstrap iterations...
  Running 13 jackknife iterations using 13 cores...
  Running 100 bootstrap iterations using 15 cores...
[01:23:38] [PROCESS] Processing HS2209_Eulaers2013.rdb
[01:23:38] [PROCESS]   System HS2209: 2 images, [('A', 'B')] pairs
[01:23:38] [PROCESS]   Analyzing pair A-B
[01:23:38] [PROCESS]   Running 100 bootstrap iterations...
  Running 19 jackknife iterations using 15 cores...
  Running 100 bootstrap iterations using 15 cores...
[01:23:39] [PROCESS] Processing J1001_Rathnakumar2013.rdb
[01:23:39] [PROCESS]   System J1001: 2 images, [('A', 'B')] pairs
[01:23:39] [PROCESS]   Analyzing pair A-B
[01:23:39] [PROCESS]   Running 100 bootstrap iterations...
  Running 9 jackknife iterations using 9 cores...
  Running 100 bootstrap iterations using 15 cores...
[01:23:41] [PROCESS] Processing J1206_Eulaers2013.rdb
[01:23:41] [PROCESS]   System J1206: 2 images, [('A', 'B')] pairs
[01:23:41] [PROCESS]   Analyzing pair A-B
[01:23:41] [PROCESS]   Running 100 bootstrap iterations...
  Running 10 jackknife iterations using 10 cores...
  Running 100 bootstrap iterations using 15 cores...
[01:23:42] [PROCESS] Processing PG1115_Bonvin2018.rdb
[01:23:42] [PROCESS]   System PG1115: 3 images, [('A', 'B'), ('A', 'C'), ('B', 'C')] pairs
[01:23:42] [PROCESS]   Analyzing pair A-B
[01:23:42] [PROCESS]   Analyzing pair A-C
[01:23:42] [PROCESS]   Analyzing pair B-C
[01:23:42] [PROCESS]   Running 100 bootstrap iterations...
  Running 100 bootstrap iterations using 15 cores...
[01:23:43] [PROCESS] Processing RXJ1131_Tewes2013.rdb
[01:23:43] [PROCESS]   System RXJ1131: 4 images, [('A', 'B'), ('A', 'C'), ('A', 'D'), ('B', 'C'), ('B', 'D'), ('C', 'D')] pairs
[01:23:43] [PROCESS]   Analyzing pair A-B
[01:23:43] [PROCESS]   Analyzing pair A-C
[01:23:44] [PROCESS]   Analyzing pair A-D
[01:23:44] [PROCESS]   Analyzing pair B-C
[01:23:44] [PROCESS]   Analyzing pair B-D
[01:23:44] [PROCESS]   Analyzing pair C-D
[01:23:44] [PROCESS]   Running 100 bootstrap iterations...
  Running 9 jackknife iterations using 9 cores...
  Running 100 bootstrap iterations using 15 cores...
[01:23:52] [PROCESS] Processing WFI2033_Bonvin2019.rdb
[01:23:52] [PROCESS]   System WFI2033: 3 images, [('A', 'B'), ('A', 'C'), ('B', 'C')] pairs
[01:23:52] [PROCESS]   Analyzing pair A-B
[01:23:52] [PROCESS]   Analyzing pair A-C
[01:23:52] [PROCESS]   Analyzing pair B-C
[01:23:52] [PROCESS]   Running 100 bootstrap iterations...
  Running 16 jackknife iterations using 15 cores...
  Running 100 bootstrap iterations using 15 cores...
[01:23:58] [PROCESS] Processing he0435_JAA703A250_R.csv
[01:23:58] [PROCESS]   System HE0435_R: 4 images, [('A', 'B'), ('A', 'C'), ('A', 'D'), ('B', 'C'), ('B', 'D'), ('C', 'D')] pairs
[01:23:58] [PROCESS]   Analyzing pair A-B
[01:23:58] [PROCESS]   Analyzing pair A-C
[01:23:58] [PROCESS]   Analyzing pair A-D
[01:23:58] [PROCESS]   Analyzing pair B-C
[01:23:58] [PROCESS]   Analyzing pair B-D
[01:23:58] [PROCESS]   Analyzing pair C-D
[01:23:58] [PROCESS]   Running 100 bootstrap iterations...
  Running 20 jackknife iterations using 15 cores...
  Running 100 bootstrap iterations using 15 cores...
[01:24:05] [PROCESS] Processing he0435_JAA703A250_V.csv
[01:24:05] [PROCESS]   System HE0435_V: 4 images, [('A', 'B'), ('A', 'C'), ('A', 'D'), ('B', 'C'), ('B', 'D'), ('C', 'D')] pairs
[01:24:05] [PROCESS]   Analyzing pair A-B
[01:24:05] [PROCESS]   Analyzing pair A-C
[01:24:05] [PROCESS]   Analyzing pair A-D
[01:24:05] [PROCESS]   Analyzing pair B-C
[01:24:05] [PROCESS]   Analyzing pair B-D
[01:24:05] [PROCESS]   Analyzing pair C-D
[01:24:05] [PROCESS]   Running 100 bootstrap iterations...
  Running 24 jackknife iterations using 15 cores...
  Running 100 bootstrap iterations using 15 cores...
[01:24:12] [PROCESS] Processing he1104_JApJ798_95_B.csv
[01:24:12] [PROCESS]   System HE1104_B: 2 images, [('A', 'B')] pairs
[01:24:12] [PROCESS]   Analyzing pair A-B
[01:24:13] [PROCESS]   Running 100 bootstrap iterations...
  Running 20 jackknife iterations using 15 cores...
  Running 100 bootstrap iterations using 15 cores...
[01:24:13] [PROCESS] Processing he1104_JApJ798_95_I.csv
[01:24:13] [PROCESS]   System HE1104_I: 2 images, [('A', 'B')] pairs
[01:24:13] [PROCESS]   Analyzing pair A-B
[01:24:14] [PROCESS]   Running 100 bootstrap iterations...
  Running 13 jackknife iterations using 13 cores...
  Running 100 bootstrap iterations using 15 cores...
[01:24:15] [PROCESS] Processing he1104_JApJ798_95_J.csv
[01:24:15] [PROCESS]   System HE1104_J: 2 images, [('A', 'B')] pairs
[01:24:15] [PROCESS]   Analyzing pair A-B
[01:24:15] [PROCESS]   Running 100 bootstrap iterations...
  Running 15 jackknife iterations using 15 cores...
  Running 100 bootstrap iterations using 15 cores...
[01:24:16] [PROCESS] Processing he1104_JApJ798_95_R.csv
[01:24:16] [PROCESS]   System HE1104_R: 2 images, [('A', 'B')] pairs
[01:24:16] [PROCESS]   Analyzing pair A-B
[01:24:16] [PROCESS]   Running 100 bootstrap iterations...
  Running 11 jackknife iterations using 11 cores...
  Running 100 bootstrap iterations using 15 cores...
[01:24:18] [PROCESS] Processing q2237_JAA637A89_I.csv
[01:24:18] [PROCESS]   System Q2237_I: 4 images, [('A', 'B'), ('A', 'C'), ('A', 'D'), ('B', 'C'), ('B', 'D'), ('C', 'D')] pairs
[01:24:18] [PROCESS]   Analyzing pair A-B
[01:24:18] [PROCESS]   Analyzing pair A-C
[01:24:18] [PROCESS]   Analyzing pair A-D
[01:24:18] [PROCESS]   Analyzing pair B-C
[01:24:18] [PROCESS]   Analyzing pair B-D
[01:24:18] [PROCESS]   Analyzing pair C-D
[01:24:18] [PROCESS]   Running 100 bootstrap iterations...
  Running 18 jackknife iterations using 15 cores...
  Running 100 bootstrap iterations using 15 cores...
[01:24:26] [PROCESS] Processing q2237_JAA637A89_V.csv
[01:24:26] [PROCESS]   System Q2237_V: 4 images, [('A', 'B'), ('A', 'C'), ('A', 'D'), ('B', 'C'), ('B', 'D'), ('C', 'D')] pairs
[01:24:26] [PROCESS]   Analyzing pair A-B
[01:24:27] [PROCESS]   Analyzing pair A-C
[01:24:27] [PROCESS]   Analyzing pair A-D
[01:24:27] [PROCESS]   Analyzing pair B-C
[01:24:27] [PROCESS]   Analyzing pair B-D
[01:24:27] [PROCESS]   Analyzing pair C-D
[01:24:27] [PROCESS]   Running 100 bootstrap iterations...
  Running 17 jackknife iterations using 15 cores...
  Running 100 bootstrap iterations using 15 cores...
[01:24:36] [PROCESS] Processing q2237_JAA637A89_g.csv
[01:24:36] [PROCESS]   System Q2237_G: 4 images, [('A', 'B'), ('A', 'C'), ('A', 'D'), ('B', 'C'), ('B', 'D'), ('C', 'D')] pairs
[01:24:36] [PROCESS]   Analyzing pair A-B
[01:24:36] [PROCESS]   Analyzing pair A-C
[01:24:36] [PROCESS]   Analyzing pair A-D
[01:24:36] [PROCESS]   Analyzing pair B-C
[01:24:37] [PROCESS]   Analyzing pair B-D
[01:24:37] [PROCESS]   Analyzing pair C-D
[01:24:37] [PROCESS]   Running 100 bootstrap iterations...
  Running 12 jackknife iterations using 12 cores...
  Running 100 bootstrap iterations using 15 cores...
[01:24:46] [PROCESS] Processing q2237_JAA637A89_r.csv
[01:24:46] [PROCESS]   System Q2237_R: 4 images, [('A', 'B'), ('A', 'C'), ('A', 'D'), ('B', 'C'), ('B', 'D'), ('C', 'D')] pairs
[01:24:46] [PROCESS]   Analyzing pair A-B
[01:24:46] [PROCESS]   Analyzing pair A-C
[01:24:46] [PROCESS]   Analyzing pair A-D
[01:24:47] [PROCESS]   Analyzing pair B-C
[01:24:47] [PROCESS]   Analyzing pair B-D
[01:24:47] [PROCESS]   Analyzing pair C-D
[01:24:47] [PROCESS]   Running 100 bootstrap iterations...
  Running 15 jackknife iterations using 15 cores...
  Running 100 bootstrap iterations using 15 cores...
[01:24:57] [PROCESS] Processing q2237_vakulik_JAA420_447_I.csv
[01:24:57] [PROCESS]   System Q2237_I: 4 images, [('A', 'B'), ('A', 'C'), ('A', 'D'), ('B', 'C'), ('B', 'D'), ('C', 'D')] pairs
[01:24:57] [PROCESS]   Analyzing pair A-B
[01:24:57] [PROCESS]   Analyzing pair A-C
[01:24:57] [PROCESS]   Analyzing pair A-D
[01:24:57] [PROCESS]   Analyzing pair B-C
[01:24:58] [PROCESS]   Analyzing pair B-D
[01:24:58] [PROCESS]   Analyzing pair C-D
[01:24:58] [PROCESS]   Running 100 bootstrap iterations...
  Running 6 jackknife iterations using 6 cores...
  Running 100 bootstrap iterations using 15 cores...
[01:25:01] [PROCESS] Processing q2237_vakulik_JAA420_447_R.csv
[01:25:01] [PROCESS]   System Q2237_R: 4 images, [('A', 'B'), ('A', 'C'), ('A', 'D'), ('B', 'C'), ('B', 'D'), ('C', 'D')] pairs
[01:25:01] [PROCESS]   Analyzing pair A-B
[01:25:02] [PROCESS]   Analyzing pair A-C
[01:25:02] [PROCESS]   Analyzing pair A-D
[01:25:02] [PROCESS]   Analyzing pair B-C
[01:25:02] [PROCESS]   Analyzing pair B-D
[01:25:02] [PROCESS]   Analyzing pair C-D
[01:25:02] [PROCESS]   Running 100 bootstrap iterations...
  Running 6 jackknife iterations using 6 cores...
  Running 100 bootstrap iterations using 15 cores...
[01:25:05] [PROCESS] Processing q2237_vakulik_JAA420_447_V.csv
[01:25:05] [PROCESS]   System Q2237_V: 4 images, [('A', 'B'), ('A', 'C'), ('A', 'D'), ('B', 'C'), ('B', 'D'), ('C', 'D')] pairs
[01:25:05] [PROCESS]   Analyzing pair A-B
[01:25:05] [PROCESS]   Analyzing pair A-C
[01:25:05] [PROCESS]   Analyzing pair A-D
[01:25:05] [PROCESS]   Analyzing pair B-C
[01:25:05] [PROCESS]   Analyzing pair B-D
[01:25:05] [PROCESS]   Analyzing pair C-D
[01:25:05] [PROCESS]   Running 100 bootstrap iterations...
  Running 6 jackknife iterations using 6 cores...
  Running 100 bootstrap iterations using 15 cores...
[01:25:09] [SUCCESS] Saved results: results/outputs/step_30_cosmograil_temporal_shear.json

============================================================
COSMOGRAIL TEMPORAL SHEAR ANALYSIS SUMMARY
============================================================
Systems analyzed: 18
Image pairs analyzed: 82
Valid Γ measurements: 55

Γ (temporal shear slope) statistics:
  Mean:   -3.766 days/decade
  Median: 0.000 days/decade
  Std:    36.920 days/decade

Significance:
  >2σ (raw): 0 pairs
  >3σ (raw): 0 pairs
  >2σ (practical cuts): 0 pairs
  >3σ (practical cuts): 0 pairs

Interpretation: NULL: No significant temporal shear detected. Consistent with GR (single constant delay).
============================================================
[01:25:09] [SUCCESS] Step 30 complete
