
[01:27:25] [INFO] ======================================================================
[01:27:25] [INFO] STEP 35: Single-Contrast Dominance Quantification
[01:27:25] [INFO] ======================================================================
[01:27:25] [INFO] Original loop residuals:
[01:27:25] [INFO]   S1_S2_S3: -0.109 d
[01:27:25] [INFO]   S1_S2_S4: +0.278 d
[01:27:25] [INFO]   S1_S3_S4: +0.342 d
[01:27:25] [INFO]   S1_S2_SX: -8.492 d
[01:27:25] [INFO]   S1_S4_SX: -14.538 d
[01:27:25] [INFO] 
S4-SX contrast knockout:
[01:27:25] [INFO]   Total energy (sum R^2):     283.676 d^2
[01:27:25] [INFO]   Energy after knockout:      1.312 d^2
[01:27:25] [INFO]   Fraction DROP from S4-SX:   99.5%
[01:27:25] [INFO] 
Isolate S4-SX contrast (zero inner-cross differences):
[01:27:25] [INFO]   Retained energy fraction:   72.3%
[01:27:25] [INFO] 
Effective degrees of freedom (participation ratio):
[01:27:25] [INFO]   eff_dof = 1.99
[01:27:25] [INFO]   Interpretation: the predicted TEP signal is concentrated in
[01:27:25] [INFO]   ~2.0 effective independent contrast(s).
[01:27:25] [INFO] 
Loop-type energy split:
[01:27:25] [INFO]   SX-containing loops:   283.470 d^2 (99.9%)
[01:27:25] [INFO]   Inner-cross only loops: 0.206 d^2 (0.1%)
[01:27:25] [INFO] 
Results saved to /Users/matthewsmawfield/Library/CloudStorage/Dropbox/www/Temporal Equivalence Principle/TEP-LENS/results/outputs/step_35_single_contrast_dominance.json
[01:27:25] [INFO] Step 35 complete.
