
[01:22:53] [INFO] ======================================================================
[01:22:53] [INFO] STEP 10: H0 Tension Resolution (measured coupling)
[01:22:53] [INFO] ======================================================================
[01:22:53] [INFO] 
SN Refsdal:
[01:22:53] [INFO]   GR H0 = 66.6 +/- 4.1/3.3
[01:22:53] [INFO]   TEP shift factor = 1.0402 +/- 0.0007
[01:22:53] [INFO]   TEP H0 = 69.3 +/- 0.0 (shift: +2.7)
[01:22:53] [INFO]   dt_obs = 376.0 d, dt_geom = 361.5 d
[01:22:53] [INFO] 
SN H0pe:
[01:22:53] [INFO]   GR H0 = 60.9 +/- 5.1/4.6
[01:22:53] [INFO]   TEP shift factor = 1.0006 +/- 0.0023
[01:22:53] [INFO]   TEP H0 = 60.9 +/- 0.1 (shift: +0.0)
[01:22:53] [INFO]   Per-delay: A-B f=1.0084, C-B f=0.9995
[01:22:53] [INFO]   Predicted closure residual = 1.29 d
[01:22:53] [INFO] 
SN Encore:
[01:22:53] [INFO]   GR H0 = 60.9 +/- 5.1/4.6
[01:22:53] [INFO]   TEP shift factor = 1.0005 +/- 0.0016
[01:22:53] [INFO]   TEP H0 = 60.9 +/- 0.1 (shift: +0.0)
[01:22:53] [INFO]   Reference-dependent range: 0.9957 to 1.0052
[01:22:53] [INFO] 
Combined Low-H0 cluster (Ref+H0pe+Enc):
[01:22:53] [INFO]   GR:  63.5
[01:22:53] [INFO]   TEP: 64.8 (shift: +1.3)
[01:22:53] [INFO] 
Planck tension check (FULL error budget):
[01:22:53] [INFO]   Refsdal: |69.3 - 67.4| = 1.9 d
[01:22:53] [INFO]     sigma_total = sqrt(3.7^2 + 0.5^2) = 3.73
[01:22:53] [INFO]     tension = 0.50 sigma  (p = 0.615)
[01:22:53] [INFO]   H0pe:    tension = 1.33 sigma
[01:22:53] [INFO]   Encore:  tension = 1.33 sigma
[01:22:53] [INFO]   NOTE: The Refsdal TEP shift does NOT resolve the H0 tension.
[01:22:53] [INFO]         The lens-model uncertainty (~4 km/s/Mpc) dominates.
[01:22:53] [INFO] 
Results saved to /Users/matthewsmawfield/Library/CloudStorage/Dropbox/www/Temporal Equivalence Principle/TEP-LENS/results/outputs/step_10_h0_tension.json
[01:22:54] [INFO] Saved plot to /Users/matthewsmawfield/Library/CloudStorage/Dropbox/www/Temporal Equivalence Principle/TEP-LENS/results/figures/step_10_h0_tension.png
[01:22:54] [INFO] Step 10 complete.
