
[01:27:27] [INFO] ======================================================================
[01:27:27] [INFO] STEP 40: Cross-System Trio Evidence Synthesis
[01:27:27] [INFO] ======================================================================
[01:27:27] [INFO] SN Refsdal: R_obs=+30.05 d, R_tep=+14.54 d, Exact family-sign-flip test blind: z=+1.86, p=0.0312
[01:27:27] [INFO] SN Encore:  R_obs=-3.33 d, R_tep=-1.04 d, z=+0.00, p=0.6367 (predicted negative)
[01:27:27] [INFO] SN H0pe:    R_obs(AB)=-10.16 d, R_obs(CB)=-0.23 d, R_tep(AB)=-3.32 d, R_tep(CB)=-0.54 d
[01:27:27] [INFO]   Directional z(AB)=+1.13, z(CB)=-0.38; primary=AB
[01:27:27] [INFO] 
Sign consistency check:
[01:27:27] [INFO]   Systems with observed sign matching TEP prediction: 3/3
[01:27:27] [INFO]   Exact binomial p (H0: random signs): p = 0.1250
[01:27:27] [INFO]   [DIAGNOSTIC ONLY] Normal z-approx (INVALID for n=3): z = +1.73
[01:27:27] [INFO]   WARNING: z-approx implies p≈0.042, contradicting exact p=0.125.
[01:27:27] [INFO]   Report ONLY the exact p-value in the manuscript.
[01:27:27] [INFO] 
Stouffer combination (3 systems):
[01:27:27] [INFO]   Individual z-scores: ['+1.86', '+0.00', '+1.13']
[01:27:27] [INFO]   Combined z = +1.730, p = 0.0418
[01:27:27] [INFO]   WARNING: These z-scores come from different test types (exact family-sign-flip for Refsdal, binomial sign tests for Encore/H0pe) with different statistical power. Stouffer assumes equivalent tests; mixing test types is methodologically questionable. Interpret as a sensitivity exploration, not a formal combined significance.
[01:27:27] [INFO] 
Precision-weighted mean residual (all systems):
[01:27:27] [INFO]   R_combined = -2.02 +/- 1.92 d
[01:27:27] [INFO] 
Evidence comparison:
[01:27:27] [INFO]   Refsdal alone: z = +1.86
[01:27:27] [INFO]   Trio combined: z = +1.73
[01:27:27] [INFO]   Encore + H0pe contribution: -0.13 (minimal because predicted TEP shifts are low-SNR)
[01:27:27] [INFO] 
Results saved to /Users/matthewsmawfield/Library/CloudStorage/Dropbox/www/Temporal Equivalence Principle/TEP-LENS/results/outputs/step_40_cross_system_trio.json
[01:27:27] [INFO] Step 40 complete.
