
[01:27:27] [INFO] ======================================================================
[01:27:27] [INFO] STEP 39: SN H0pe Blind-Prediction Residual Test
[01:27:27] [INFO] ======================================================================
[01:27:27] [INFO] Loaded alpha from Step 07: -0.1180 +/- 0.0287
[01:27:27] [INFO] Observed Delta_t(A,B) = -116.6 (+10.8/-9.3) d (Pierel+2024)
[01:27:27] [INFO] Observed Delta_t(C,B) = -48.6 (+3.6/-4.0) d (Pierel+2024)
[01:27:27] [INFO] Observed magnifications: mu_A=4.43, mu_B=8.0, mu_C=6.43 (Pierel+2024 photometry)
[01:27:27] [INFO] 
[WSLAP+ leave-out] AB: n_neg=5/6, R_obs = -10.64 +/- 5.14 d
[01:27:27] [INFO] [WSLAP+ leave-out] CB: n_neg=2/6, R_obs = +0.09 +/- 2.67 d
[01:27:27] [INFO] 
--- Delay pair AB ---
[01:27:27] [INFO] Weighted mean residual = -10.16 +/- 5.13 d
[01:27:27] [INFO] Binomial: 2/7 positive, p = 0.9375
[01:27:27] [INFO] Wilcoxon (two-sided): p = 0.8125
[01:27:27] [INFO] 
--- Delay pair CB ---
[01:27:27] [INFO] Weighted mean residual = -0.23 +/- 2.67 d
[01:27:27] [INFO] Binomial: 4/7 positive, p = 0.5000
[01:27:27] [INFO] Wilcoxon (two-sided): p = 0.6875
[01:27:27] [INFO] 
TEP proxy predicted residuals:
[01:27:27] [INFO]   AB: -3.324 d (log10(mu_A/mu_B)=-0.257, dt_mean=-109.7 d; WSLAP+ excluded)
[01:27:27] [INFO]   CB: -0.542 d (log10(mu_C/mu_B)=-0.095, dt_mean=-48.4 d; WSLAP+ excluded)
[01:27:27] [INFO]   All-model mean diagnostic: AB=-4.032 d, CB=+0.083 d
[01:27:27] [INFO]   Directional matches: AB=5/7 negative, CB=3/7 negative
[01:27:27] [INFO] 
System summary:
[01:27:27] [INFO]   Mean residual across pairs: -5.20 d
[01:27:27] [INFO] 
Results saved to /Users/matthewsmawfield/Library/CloudStorage/Dropbox/www/Temporal Equivalence Principle/TEP-LENS/results/outputs/step_39_sn_h0pe_residuals.json
[01:27:27] [INFO] Step 39 complete.
